2021-03-11 22:34:55,664:INFO:flipkrat.py:Url hitted
2021-03-11 22:34:55,871:INFO:flipkrat.py:login popup handled
2021-03-11 22:34:56,219:INFO:flipkrat.py:Search begins
2021-03-11 22:34:59,039:INFO:flipkrat.py:Data saved in scrapper file
2021-03-11 22:35:58,120:INFO:flipkrat.py:Url hitted
2021-03-11 22:35:58,315:INFO:flipkrat.py:login popup handled
2021-03-11 22:35:58,591:INFO:flipkrat.py:Search begins
2021-03-11 22:36:01,400:INFO:flipkrat.py:Data saved in scrapper file
2021-03-11 22:36:23,309:INFO:flipkrat.py:Url hitted
2021-03-11 22:36:23,496:INFO:flipkrat.py:login popup handled
2021-03-11 22:36:23,770:INFO:flipkrat.py:Search begins
2021-03-11 22:36:33,418:INFO:flipkrat.py:Url hitted
2021-03-11 22:36:33,647:INFO:flipkrat.py:login popup handled
2021-03-11 22:36:34,002:INFO:flipkrat.py:Search begins
2021-03-11 22:36:36,914:INFO:flipkrat.py:Data saved in scrapper file
2021-03-11 22:37:59,845:INFO:flipkrat.py:Thread run completed
2021-03-12 18:10:07,996:INFO:flipkrat.py:Url hitted
2021-03-12 18:10:08,216:INFO:flipkrat.py:login popup handled
2021-03-12 18:10:08,649:INFO:flipkrat.py:Search begins for Nike
2021-03-12 18:10:15,835:INFO:flipkrat.py:Data saved in scrapper file
2021-03-12 18:21:17,976:INFO:flipkrat.py:Url hitted
2021-03-12 18:21:18,307:INFO:flipkrat.py:login popup handled
2021-03-12 18:21:18,661:INFO:flipkrat.py:Search begins for shorts
2021-03-12 18:21:45,120:INFO:flipkrat.py:Thread run completed
2021-03-12 18:51:46,598:INFO:flipkrat.py:Url hitted
2021-03-12 18:51:46,854:INFO:flipkrat.py:login popup handled
2021-03-12 18:51:47,148:INFO:flipkrat.py:Search begins for Nike
2021-03-12 18:51:52,934:INFO:flipkrat.py:Data saved in scrapper file
2021-03-12 18:59:13,412:INFO:flipkrat.py:Url hitted
2021-03-12 18:59:13,585:INFO:flipkrat.py:login popup handled
2021-03-12 18:59:13,871:INFO:flipkrat.py:Search begins for Nike
2021-03-12 18:59:20,027:INFO:flipkrat.py:Data saved in scrapper file
2021-03-12 19:05:39,138:INFO:flipkrat.py:Url hitted
2021-03-12 19:05:39,293:INFO:flipkrat.py:login popup handled
2021-03-12 19:05:39,627:INFO:flipkrat.py:Search begins for Saree
2021-03-12 19:05:45,435:INFO:flipkrat.py:Data saved in scrapper file
2021-03-12 19:48:30,551:INFO:flipkrat.py:Url hitted
2021-03-12 19:48:32,022:INFO:flipkrat.py:login popup handled
2021-03-12 19:48:33,971:INFO:flipkrat.py:Search begins for Nike
2021-03-12 19:48:39,271:INFO:flipkrat.py:Data saved in scrapper file
2021-03-12 19:52:16,469:INFO:flipkrat.py:Url hitted
2021-03-12 19:52:16,797:INFO:flipkrat.py:login popup handled
2021-03-12 19:52:17,244:INFO:flipkrat.py:Search begins for Nike
2021-03-12 19:52:19,627:INFO:flipkrat.py:Data saved in scrapper file
2021-03-12 22:38:31,082:INFO:flipkrat.py:Url hitted
2021-03-12 22:38:31,387:INFO:flipkrat.py:login popup handled
2021-03-12 22:38:31,835:INFO:flipkrat.py:Search begins for Nike
2021-03-12 22:38:38,080:INFO:flipkrat.py:Data saved in scrapper file
2022-06-13 16:22:55,335:INFO:flipkrat.py:Url hitted
2022-06-13 16:25:24,668:INFO:flipkrat.py:Url hitted
2022-06-13 16:25:25,374:INFO:flipkrat.py:login popup handled
2022-06-13 16:25:26,360:INFO:flipkrat.py:Search begins for iphone12
2022-06-13 16:33:50,745:INFO:flipkrat.py:Url hitted
2022-06-13 16:33:50,880:INFO:flipkrat.py:login popup handled
2022-06-13 16:33:51,097:INFO:flipkrat.py:Search begins for iphone11
2022-06-13 16:43:09,572:INFO:flipkrat.py:Url hitted
2022-06-13 16:43:09,721:INFO:flipkrat.py:login popup handled
2022-06-13 16:43:09,958:INFO:flipkrat.py:Search begins for mia2
2022-06-13 16:49:17,496:INFO:flipkrat.py:Url hitted
2022-06-13 16:49:17,609:INFO:flipkrat.py:login popup handled
2022-06-13 16:49:17,821:INFO:flipkrat.py:Search begins for iphone11
2022-06-13 16:52:25,791:INFO:flipkrat.py:Url hitted
2022-06-13 16:52:25,900:INFO:flipkrat.py:login popup handled
2022-06-13 16:52:26,185:INFO:flipkrat.py:Search begins for iphone11
2022-06-13 16:53:23,783:INFO:flipkrat.py:Url hitted
2022-06-13 16:53:23,910:INFO:flipkrat.py:login popup handled
2022-06-13 16:53:24,140:INFO:flipkrat.py:Search begins for Iphone-7
2022-06-13 17:55:31,125:INFO:flipkrat.py:Url hitted
2022-06-13 17:55:37,456:INFO:flipkrat.py:login popup handled
2022-06-13 17:55:50,720:INFO:flipkrat.py:Search begins for alexa
2022-06-13 18:22:37,420:INFO:flipkrat.py:Url hitted
2022-06-13 18:22:49,409:INFO:flipkrat.py:login popup handled
2022-06-13 18:23:03,841:INFO:flipkrat.py:Search begins for Iphone-7
2022-06-14 13:14:35,330:INFO:flipkrat.py:Url hitted
2022-06-14 13:14:46,938:INFO:flipkrat.py:login popup handled
2022-06-14 13:14:57,909:INFO:flipkrat.py:Search begins for Iphone-7
2022-06-14 13:48:33,515:INFO:flipkrat.py:Url hitted
2022-06-14 13:48:33,762:INFO:flipkrat.py:login popup handled
2022-06-14 13:48:34,080:INFO:flipkrat.py:Search begins for Iphone-7
2022-06-14 14:52:36,577:INFO:flipkrat.py:Url hitted
2022-06-14 14:52:53,580:INFO:flipkrat.py:login popup handled
2022-06-14 14:53:01,402:INFO:flipkrat.py:Search begins for Iphone-11
2022-06-14 15:36:10,450:INFO:flipkrat.py:Url hitted
2022-06-14 15:36:12,185:INFO:flipkrat.py:login popup handled
2022-06-14 15:36:14,147:INFO:flipkrat.py:Search begins for Iphone-10
2022-06-14 15:36:18,896:INFO:flipkrat.py:Thread run completed
2022-06-14 15:54:20,816:INFO:flipkrat.py:Url hitted
2022-06-14 15:54:21,360:INFO:flipkrat.py:login popup handled
2022-06-14 15:54:21,718:INFO:flipkrat.py:Search begins for iphone-11
